###############################################################################
#
# IAR ELF Linker V7.80.2.11947/W32 for ARM                22/Jun/2018  22:25:48
# Copyright 2007-2016 IAR Systems AB.
#
#    Output file  =  F:\YL_MAIN_CK\DL_Scale\YL_DLC\EWARM\YL_DLC\Exe\YL_DLC.out
#    Map file     =  F:\YL_MAIN_CK\DL_Scale\YL_DLC\EWARM\YL_DLC\List\YL_DLC.map
#    Command line =  
#        F:\YL_MAIN_CK\DL_Scale\YL_DLC\EWARM\YL_DLC\Obj\ADS1230.o
#        F:\YL_MAIN_CK\DL_Scale\YL_DLC\EWARM\YL_DLC\Obj\Cal.o
#        F:\YL_MAIN_CK\DL_Scale\YL_DLC\EWARM\YL_DLC\Obj\CmdProcess.o
#        F:\YL_MAIN_CK\DL_Scale\YL_DLC\EWARM\YL_DLC\Obj\cmsis_os.o
#        F:\YL_MAIN_CK\DL_Scale\YL_DLC\EWARM\YL_DLC\Obj\comm.o
#        F:\YL_MAIN_CK\DL_Scale\YL_DLC\EWARM\YL_DLC\Obj\croutine.o
#        F:\YL_MAIN_CK\DL_Scale\YL_DLC\EWARM\YL_DLC\Obj\dma.o
#        F:\YL_MAIN_CK\DL_Scale\YL_DLC\EWARM\YL_DLC\Obj\event_groups.o
#        F:\YL_MAIN_CK\DL_Scale\YL_DLC\EWARM\YL_DLC\Obj\Filter.o
#        F:\YL_MAIN_CK\DL_Scale\YL_DLC\EWARM\YL_DLC\Obj\freertos.o
#        F:\YL_MAIN_CK\DL_Scale\YL_DLC\EWARM\YL_DLC\Obj\gpio.o
#        F:\YL_MAIN_CK\DL_Scale\YL_DLC\EWARM\YL_DLC\Obj\heap_4.o
#        F:\YL_MAIN_CK\DL_Scale\YL_DLC\EWARM\YL_DLC\Obj\i2c.o
#        F:\YL_MAIN_CK\DL_Scale\YL_DLC\EWARM\YL_DLC\Obj\J_FILTER.o
#        F:\YL_MAIN_CK\DL_Scale\YL_DLC\EWARM\YL_DLC\Obj\list.o
#        F:\YL_MAIN_CK\DL_Scale\YL_DLC\EWARM\YL_DLC\Obj\main.o
#        F:\YL_MAIN_CK\DL_Scale\YL_DLC\EWARM\YL_DLC\Obj\ModbusRTUSlave.o
#        F:\YL_MAIN_CK\DL_Scale\YL_DLC\EWARM\YL_DLC\Obj\Motion.o
#        F:\YL_MAIN_CK\DL_Scale\YL_DLC\EWARM\YL_DLC\Obj\MyFilter.o
#        F:\YL_MAIN_CK\DL_Scale\YL_DLC\EWARM\YL_DLC\Obj\port.o
#        F:\YL_MAIN_CK\DL_Scale\YL_DLC\EWARM\YL_DLC\Obj\portasm.o
#        F:\YL_MAIN_CK\DL_Scale\YL_DLC\EWARM\YL_DLC\Obj\queue.o
#        F:\YL_MAIN_CK\DL_Scale\YL_DLC\EWARM\YL_DLC\Obj\RB_Format.o
#        F:\YL_MAIN_CK\DL_Scale\YL_DLC\EWARM\YL_DLC\Obj\RB_String.o
#        F:\YL_MAIN_CK\DL_Scale\YL_DLC\EWARM\YL_DLC\Obj\Scale.o
#        F:\YL_MAIN_CK\DL_Scale\YL_DLC\EWARM\YL_DLC\Obj\startup_stm32f103xe.o
#        F:\YL_MAIN_CK\DL_Scale\YL_DLC\EWARM\YL_DLC\Obj\stm32f1xx_hal.o
#        F:\YL_MAIN_CK\DL_Scale\YL_DLC\EWARM\YL_DLC\Obj\stm32f1xx_hal_cortex.o
#        F:\YL_MAIN_CK\DL_Scale\YL_DLC\EWARM\YL_DLC\Obj\stm32f1xx_hal_dma.o
#        F:\YL_MAIN_CK\DL_Scale\YL_DLC\EWARM\YL_DLC\Obj\stm32f1xx_hal_flash.o
#        F:\YL_MAIN_CK\DL_Scale\YL_DLC\EWARM\YL_DLC\Obj\stm32f1xx_hal_flash_ex.o
#        F:\YL_MAIN_CK\DL_Scale\YL_DLC\EWARM\YL_DLC\Obj\stm32f1xx_hal_gpio.o
#        F:\YL_MAIN_CK\DL_Scale\YL_DLC\EWARM\YL_DLC\Obj\stm32f1xx_hal_gpio_ex.o
#        F:\YL_MAIN_CK\DL_Scale\YL_DLC\EWARM\YL_DLC\Obj\stm32f1xx_hal_i2c.o
#        F:\YL_MAIN_CK\DL_Scale\YL_DLC\EWARM\YL_DLC\Obj\stm32f1xx_hal_msp.o
#        F:\YL_MAIN_CK\DL_Scale\YL_DLC\EWARM\YL_DLC\Obj\stm32f1xx_hal_pwr.o
#        F:\YL_MAIN_CK\DL_Scale\YL_DLC\EWARM\YL_DLC\Obj\stm32f1xx_hal_rcc.o
#        F:\YL_MAIN_CK\DL_Scale\YL_DLC\EWARM\YL_DLC\Obj\stm32f1xx_hal_rcc_ex.o
#        F:\YL_MAIN_CK\DL_Scale\YL_DLC\EWARM\YL_DLC\Obj\stm32f1xx_hal_tim.o
#        F:\YL_MAIN_CK\DL_Scale\YL_DLC\EWARM\YL_DLC\Obj\stm32f1xx_hal_tim_ex.o
#        F:\YL_MAIN_CK\DL_Scale\YL_DLC\EWARM\YL_DLC\Obj\stm32f1xx_hal_timebase_TIM.o
#        F:\YL_MAIN_CK\DL_Scale\YL_DLC\EWARM\YL_DLC\Obj\stm32f1xx_hal_uart.o
#        F:\YL_MAIN_CK\DL_Scale\YL_DLC\EWARM\YL_DLC\Obj\stm32f1xx_it.o
#        F:\YL_MAIN_CK\DL_Scale\YL_DLC\EWARM\YL_DLC\Obj\system_stm32f1xx.o
#        F:\YL_MAIN_CK\DL_Scale\YL_DLC\EWARM\YL_DLC\Obj\Tare.o
#        F:\YL_MAIN_CK\DL_Scale\YL_DLC\EWARM\YL_DLC\Obj\tasks.o
#        F:\YL_MAIN_CK\DL_Scale\YL_DLC\EWARM\YL_DLC\Obj\timers.o
#        F:\YL_MAIN_CK\DL_Scale\YL_DLC\EWARM\YL_DLC\Obj\Unit.o
#        F:\YL_MAIN_CK\DL_Scale\YL_DLC\EWARM\YL_DLC\Obj\usart.o
#        F:\YL_MAIN_CK\DL_Scale\YL_DLC\EWARM\YL_DLC\Obj\UserParam.o
#        F:\YL_MAIN_CK\DL_Scale\YL_DLC\EWARM\YL_DLC\Obj\Zero.o --redirect
#        _Printf=_PrintfFull --redirect _Scanf=_ScanfFull -o
#        F:\YL_MAIN_CK\DL_Scale\YL_DLC\EWARM\YL_DLC\Exe\YL_DLC.out --map
#        F:\YL_MAIN_CK\DL_Scale\YL_DLC\EWARM\YL_DLC\List\YL_DLC.map --config
#        F:\YL_MAIN_CK\DL_Scale\YL_DLC\EWARM/stm32f103xe_flash.icf
#        --semihosting --entry __iar_program_start --vfe
#
###############################################################################

*******************************************************************************
*** RUNTIME MODEL ATTRIBUTES
***

CppFlavor                     = *
__Heap_Handler                = Basic
__SystemLibrary               = DLib
__dlib_dynamic_initialization = normal


*******************************************************************************
*** PLACEMENT SUMMARY
***

"A0":  place at 0x08000000 { ro section .intvec };
"P1":  place in [from 0x08000000 to 0x0807ffff] { ro };
"P2":  place in [from 0x20000000 to 0x2000ffff] { rw, block CSTACK, block HEAP };
initialize by copy { rw };

  Section             Kind        Address    Size  Object
  -------             ----        -------    ----  ------
"A0":                                       0x130
  .intvec             ro code  0x08000000   0x130  startup_stm32f103xe.o [1]
                             - 0x08000130   0x130

"P1":                                      0xd196
  .text               ro code  0x08000130  0x185c  Scale.o [1]
  .text               ro code  0x0800198c   0x7e0  UserParam.o [1]
  .text               ro code  0x0800216c   0x256  DblDiv.o [4]
  .text               ro code  0x080023c2    0x1e  xsscin.o [3]
  .text               ro code  0x080023e0   0x1a2  DblMul.o [4]
  .text               ro code  0x08002582     0xa  xsprout.o [3]
  .text               ro code  0x0800258c    0x58  DblToI32.o [4]
  .text               ro code  0x080025e4    0xd4  Motion.o [1]
  .text               ro code  0x080026b8    0x90  DblToFlt.o [4]
  .text               ro code  0x08002748   0x4a8  Zero.o [1]
  .text               ro code  0x08002bf0   0x58c  Tare.o [1]
  .text               ro code  0x0800317c     0x4  comm.o [1]
  .text               ro code  0x08003180    0x30  I32ToDbl.o [4]
  .text               ro code  0x080031b0   0x1b8  Unit.o [1]
  .text               ro code  0x08003368    0x2e  DblCmpLe.o [4]
  .text               ro code  0x08003398    0x2e  DblCmpGe.o [4]
  .text               ro code  0x080033c8    0x4e  FltToDbl.o [4]
  .text               ro code  0x08003418    0x24  FltCmpLe.o [4]
  .text               ro code  0x0800343c   0x180  DblSub.o [4]
  .text               ro code  0x080035bc    0xe8  DblAdd.o [4]
  .text               ro code  0x080036a4    0x20  DblCmpEq.o [4]
  .text               ro code  0x080036c4    0x5c  system_stm32f1xx.o [1]
  .text               ro code  0x08003720   0x4a8  J_FILTER.o [1]
  .text               ro code  0x08003bc8    0xd8  FltMul.o [4]
  .text               ro code  0x08003ca0    0x32  I32ToFlt.o [4]
  .text               ro code  0x08003cd4    0x24  FltCmpGe.o [4]
  .text               ro code  0x08003cf8    0x66  ABImemset.o [5]
  .text               ro code  0x08003d60   0x214  RB_Format.o [1]
  .text               ro code  0x08003f74    0x56  RB_String.o [1]
  .text               ro code  0x08003fcc    0x36  strlen.o [5]
  .text               ro code  0x08004004    0xe6  FltSub.o [4]
  .text               ro code  0x080040ec    0xfc  FltDiv.o [4]
  .text               ro code  0x080041e8     0x6  ABImemclr4.o [5]
  .text               ro code  0x080041f0    0x76  ABImemcpy_unaligned.o [5]
  .text               ro code  0x08004268   0x1a8  i2c.o [1]
  .text               ro code  0x08004410    0x44  FltToS32.o [4]
  .text               ro code  0x08004454    0x32  xdtest.o [4]
  .text               ro code  0x08004486     0x8  xdsign.o [4]
  .text               ro code  0x08004490    0x74  FltAdd.o [4]
  .text               ro code  0x08004504    0x32  ABImemset48.o [5]
  .text               ro code  0x08004538   0x838  stm32f1xx_hal_i2c.o [1]
  .text               ro code  0x08004d70   0x168  main.o [1]
  .text               ro code  0x08004ed8   0x1e0  stm32f1xx_hal_gpio.o [1]
  .text               ro code  0x080050b8    0x28  stm32f1xx_hal.o [1]
  .text               ro code  0x080050e0   0x4e2  stm32f1xx_hal_rcc.o [1]
  .text               ro code  0x080055c4     0xc  stm32f1xx_hal.o [1]
  .text               ro code  0x080055d0    0x24  stm32f1xx_hal.o [1]
  .text               ro code  0x080055f4   0x158  gpio.o [1]
  .text               ro code  0x0800574c    0x60  dma.o [1]
  .text               ro code  0x080057ac   0x38c  usart.o [1]
  .text               ro code  0x08005b38    0x2c  strncmp.o [3]
  .text               ro code  0x08005b64   0x4b4  Filter.o [1]
  .text               ro code  0x08006018   0x210  freertos.o [1]
  .text               ro code  0x08006228   0x164  cmsis_os.o [1]
  .text               ro code  0x0800638c    0xf8  stm32f1xx_hal_cortex.o [1]
  .text               ro code  0x08006484    0x10  stm32f1xx_hal.o [1]
  .text               ro code  0x08006494    0x78  stm32f1xx_hal_timebase_TIM.o [1]
  .text               ro code  0x0800650c    0x9c  stm32f1xx_hal_msp.o [1]
  .text               ro code  0x080065a8   0x538  stm32f1xx_hal_uart.o [1]
  .text               ro code  0x08006ae0   0x43e  stm32f1xx_hal_dma.o [1]
  .text               ro code  0x08006f20   0x27e  ModbusRTUSlave.o [1]
  .text               ro code  0x080071a0   0x704  CmdProcess.o [1]
  .text               ro code  0x080078a4     0x6  ABImemclr.o [5]
  .text               ro code  0x080078ac    0xa8  ADS1230.o [1]
  .text               ro code  0x08007954   0x75c  tasks.o [1]
  .text               ro code  0x080080b0   0x590  queue.o [1]
  .text               ro code  0x08008640   0x1a4  port.o [1]
  .text               ro code  0x080087e4   0x222  stm32f1xx_hal_tim.o [1]
  .text               ro code  0x08008a06     0x2  stm32f1xx_hal_uart.o [1]
  .text               ro code  0x08008a08     0x2  stm32f1xx_hal_uart.o [1]
  .text               ro code  0x08008a0a     0x2  stm32f1xx_hal_uart.o [1]
  .text               ro code  0x08008a0c    0x24  sscanf.o [3]
  .text               ro code  0x08008a30    0x34  sprintf.o [3]
  .text               ro code  0x08008a64    0xa8  Cal.o [1]
  .text               ro code  0x08008b0c   0x1a8  heap_4.o [1]
  .text               ro code  0x08008cb4    0x8e  list.o [1]
  CODE                ro code  0x08008d44    0x88  portasm.o [1]
  .text               ro code  0x08008dcc     0x2  stm32f1xx_hal_tim.o [1]
  .text               ro code  0x08008dce     0x2  stm32f1xx_hal_tim.o [1]
  .text               ro code  0x08008dd0     0x2  stm32f1xx_hal_tim_ex.o [1]
  .text               ro code  0x08008dd2     0x2  stm32f1xx_hal_tim.o [1]
  .text               ro code  0x08008dd4     0x2  stm32f1xx_hal_tim_ex.o [1]
  .text               ro code  0x08008dd6     0x2  stm32f1xx_hal_tim.o [1]
  .text               ro code  0x08008dd8   0xcf0  xscanffull.o [3]
  .text               ro code  0x08009ac8  0x119a  xprintffull.o [3]
  .text               ro code  0x0800ac62    0x20  xmbtowc.o [3]
  .text               ro code  0x0800ac84    0x40  xwctob.o [3]
  .text               ro code  0x0800acc4    0x28  isxxx.o [3]
  .text               ro code  0x0800acec    0x16  strchr.o [5]
  .text               ro code  0x0800ad04    0x58  memchr.o [5]
  .text               ro code  0x0800ad5c    0xa6  xstoll.o [3]
  .text               ro code  0x0800ae04   0x1b0  xstoull.o [3]
  .text               ro code  0x0800afb4   0x14c  xstold.o [4]
  .text               ro code  0x0800b100    0x6c  localeconv.o [3]
  .text               ro code  0x0800b16c   0x10c  xdscale.o [4]
  .text               ro code  0x0800b278     0xa  xmbcurmax.o [3]
  .text               ro code  0x0800b284    0xb0  xxmemxmalloc.o [3]
  .text               ro code  0x0800b334    0x1a  xwctomb.o [3]
  .text               ro code  0x0800b350    0x80  xxmemxfree.o [3]
  .text               ro code  0x0800b3d0    0xee  I64DivMod.o [5]
  .text               ro code  0x0800b4be    0x44  xdnorm.o [4]
  .text               ro code  0x0800b502     0xe  div.o [3]
  .text               ro code  0x0800b510    0x24  setlocale.o [3]
  .text               ro code  0x0800b534    0x60  xencoding_sb.o [3]
  .text               ro code  0x0800b594    0x16  xlocale_c.o [3]
  .text               ro code  0x0800b5aa    0x14  xlocale_c.o [3]
  .text               ro code  0x0800b5c0     0xc  errno.o [3]
  .text               ro code  0x0800b5cc    0x14  tolower.o [3]
  .text               ro code  0x0800b5e0   0x122  xstopfx.o [3]
  .text               ro code  0x0800b704   0x1b8  xstoflt.o [3]
  .rodata             const    0x0800b8bc    0x3c  freertos.o [1]
  .text               ro code  0x0800b8f8   0x200  xdtento.o [4]
  .text               ro code  0x0800baf8   0x218  xstoxflt.o [3]
  .text               ro code  0x0800bd10     0x2  xtls.o [3]
  .text               ro code  0x0800bd14    0x2c  xgetmemchunk.o [3]
  .text               ro code  0x0800bd40     0x2  I64DivZer.o [5]
  .text               ro code  0x0800bd42     0xc  xlocale_c.o [3]
  .text               ro code  0x0800bd4e    0x56  xdunscal.o [4]
  .rodata             const    0x0800bda8  0x10a8  J_FILTER.o [1]
  .rodata             const    0x0800ce50    0xdc  CmdProcess.o [1]
  .text               ro code  0x0800cf2c    0x80  stm32f1xx_it.o [1]
  .text               ro code  0x0800cfac    0x78  lz77_init_single.o [5]
  .text               ro code  0x0800d024    0x40  zero_init3.o [5]
  .text               ro code  0x0800d064    0x28  data_init.o [5]
  .iar.init_table     const    0x0800d08c    0x20  - Linker created -
  .text               ro code  0x0800d0ac    0x1a  cmain.o [5]
  .text               ro code  0x0800d0c6     0x4  low_level_init.o [3]
  .text               ro code  0x0800d0ca     0x4  exit.o [3]
  .text               ro code  0x0800d0d0     0xa  cexit.o [5]
  .text               ro code  0x0800d0dc    0x14  exit.o [6]
  .text               ro code  0x0800d0f0    0x10  startup_stm32f103xe.o [1]
  .text               ro code  0x0800d100     0xc  cstartup_M.o [5]
  .rodata             const    0x0800d10c     0x8  system_stm32f1xx.o [1]
  .text               ro code  0x0800d114     0x4  startup_stm32f103xe.o [1]
  .text               ro code  0x0800d118     0x4  startup_stm32f103xe.o [1]
  .text               ro code  0x0800d11c     0x4  startup_stm32f103xe.o [1]
  .text               ro code  0x0800d120     0x4  startup_stm32f103xe.o [1]
  .text               ro code  0x0800d124     0x4  startup_stm32f103xe.o [1]
  .text               ro code  0x0800d128     0x4  startup_stm32f103xe.o [1]
  .text               ro code  0x0800d12c     0x4  startup_stm32f103xe.o [1]
  .text               ro code  0x0800d130     0x4  startup_stm32f103xe.o [1]
  .text               ro code  0x0800d134     0x4  startup_stm32f103xe.o [1]
  .text               ro code  0x0800d138     0x4  startup_stm32f103xe.o [1]
  .text               ro code  0x0800d13c     0x4  startup_stm32f103xe.o [1]
  .text               ro code  0x0800d140     0x4  startup_stm32f103xe.o [1]
  .text               ro code  0x0800d144     0x4  startup_stm32f103xe.o [1]
  .text               ro code  0x0800d148     0x4  startup_stm32f103xe.o [1]
  .text               ro code  0x0800d14c     0x4  startup_stm32f103xe.o [1]
  .text               ro code  0x0800d150     0x4  startup_stm32f103xe.o [1]
  .text               ro code  0x0800d154     0x4  startup_stm32f103xe.o [1]
  .text               ro code  0x0800d158     0x4  startup_stm32f103xe.o [1]
  .text               ro code  0x0800d15c     0x4  startup_stm32f103xe.o [1]
  .text               ro code  0x0800d160     0x4  startup_stm32f103xe.o [1]
  .text               ro code  0x0800d164     0x4  startup_stm32f103xe.o [1]
  .text               ro code  0x0800d168     0x4  startup_stm32f103xe.o [1]
  .text               ro code  0x0800d16c     0x4  startup_stm32f103xe.o [1]
  .text               ro code  0x0800d170     0x4  startup_stm32f103xe.o [1]
  .text               ro code  0x0800d174     0x4  startup_stm32f103xe.o [1]
  .text               ro code  0x0800d178     0x4  startup_stm32f103xe.o [1]
  .text               ro code  0x0800d17c     0x4  startup_stm32f103xe.o [1]
  .text               ro code  0x0800d180     0x4  startup_stm32f103xe.o [1]
  .text               ro code  0x0800d184     0x4  startup_stm32f103xe.o [1]
  .text               ro code  0x0800d188     0x4  startup_stm32f103xe.o [1]
  .text               ro code  0x0800d18c     0x4  startup_stm32f103xe.o [1]
  .text               ro code  0x0800d190     0x4  startup_stm32f103xe.o [1]
  .text               ro code  0x0800d194     0x4  startup_stm32f103xe.o [1]
  .text               ro code  0x0800d198     0x4  startup_stm32f103xe.o [1]
  .text               ro code  0x0800d19c     0x4  startup_stm32f103xe.o [1]
  .text               ro code  0x0800d1a0     0x4  startup_stm32f103xe.o [1]
  .text               ro code  0x0800d1a4     0x4  startup_stm32f103xe.o [1]
  .text               ro code  0x0800d1a8     0x4  startup_stm32f103xe.o [1]
  .text               ro code  0x0800d1ac     0x4  startup_stm32f103xe.o [1]
  .text               ro code  0x0800d1b0     0x4  startup_stm32f103xe.o [1]
  .text               ro code  0x0800d1b4     0x4  startup_stm32f103xe.o [1]
  .text               ro code  0x0800d1b8     0x4  startup_stm32f103xe.o [1]
  .text               ro code  0x0800d1bc     0x4  startup_stm32f103xe.o [1]
  .text               ro code  0x0800d1c0     0x4  startup_stm32f103xe.o [1]
  .text               ro code  0x0800d1c4     0x4  startup_stm32f103xe.o [1]
  .text               ro code  0x0800d1c8     0x4  startup_stm32f103xe.o [1]
  .text               ro code  0x0800d1cc     0x4  startup_stm32f103xe.o [1]
  .text               ro code  0x0800d1d0     0x4  startup_stm32f103xe.o [1]
  .text               ro code  0x0800d1d4     0x4  startup_stm32f103xe.o [1]
  .text               ro code  0x0800d1d8     0x4  startup_stm32f103xe.o [1]
  .text               ro code  0x0800d1dc     0x4  startup_stm32f103xe.o [1]
  .text               ro code  0x0800d1e0     0x4  startup_stm32f103xe.o [1]
  .text               ro code  0x0800d1e4     0x4  startup_stm32f103xe.o [1]
  .rodata             const    0x0800d1e8     0x0  zero_init3.o [5]
  .rodata             const    0x0800d1e8     0x0  lz77_init_single.o [5]
  Initializer bytes   const    0x0800d1e8    0xde  <for P2-1>
                             - 0x0800d2c6  0xd196

"P2", part 1 of 3:                          0x270
  P2-1                         0x20000000   0x270  <Init block>
    .data             inited   0x20000000    0x28  CmdProcess.o [1]
    .data             inited   0x20000028   0x12c  CmdProcess.o [1]
    .data             inited   0x20000154     0xc  port.o [1]
    .data             inited   0x20000160     0xc  stm32f1xx_hal.o [1]
    .data             inited   0x2000016c     0x4  system_stm32f1xx.o [1]
    __DLIB_PERTHREAD  inited   0x20000170    0x88  localeconv.o [3]
    __DLIB_PERTHREAD  inited   0x200001f8    0x74  setlocale.o [3]
    __DLIB_PERTHREAD  inited   0x2000026c     0x4  errno.o [3]
                             - 0x20000270   0x270

"P2", part 2 of 3:                          0xc00
  CSTACK                       0x20000270   0x800  <Block>
    CSTACK            uninit   0x20000270   0x800  <Block tail>
  HEAP                         0x20000a70   0x400  <Block>
    HEAP              uninit   0x20000a70   0x400  <Block tail>
                             - 0x20000e70   0xc00

"P2", part 3 of 3:                         0x3090
  .bss                zero     0x20000e70  0x1090  usart.o [1]
  .bss                zero     0x20001f00  0x1018  heap_4.o [1]
  .bss                zero     0x20002f18   0x400  UserParam.o [1]
  .bss                zero     0x20003318   0x228  main.o [1]
  .bss                zero     0x20003540   0x140  Filter.o [1]
  .bss                zero     0x20003680    0xdc  Motion.o [1]
  .bss                zero     0x2000375c    0xc8  CmdProcess.o [1]
  .bss                zero     0x20003824    0xa0  tasks.o [1]
  .bss                zero     0x200038c4    0x9c  Zero.o [1]
  .bss                zero     0x20003960    0x8c  tasks.o [1]
  .bss                zero     0x200039ec    0x88  usart.o [1]
  .bss                zero     0x20003a74    0x64  ModbusRTUSlave.o [1]
  .bss                zero     0x20003ad8    0x80  J_FILTER.o [1]
  .bss                zero     0x20003b58    0x78  J_FILTER.o [1]
  .bss                zero     0x20003bd0    0x78  Tare.o [1]
  .bss                zero     0x20003c48    0x70  Filter.o [1]
  .bss                zero     0x20003cb8    0x70  ModbusRTUSlave.o [1]
  .bss                zero     0x20003d28    0x54  i2c.o [1]
  .bss                zero     0x20003d7c    0x40  stm32f1xx_hal_timebase_TIM.o [1]
  .bss                zero     0x20003dbc    0x40  usart.o [1]
  .bss                zero     0x20003dfc    0x40  usart.o [1]
  .bss                zero     0x20003e3c    0x40  UserParam.o [1]
  .bss                zero     0x20003e7c    0x40  UserParam.o [1]
  .bss                zero     0x20003ebc     0x4  xgetmemchunk.o [3]
  .bss                zero     0x20003ec0    0x1c  freertos.o [1]
  .bss                zero     0x20003edc    0x10  freertos.o [1]
  .bss                zero     0x20003eec     0x8  Unit.o [1]
  .bss                zero     0x20003ef4     0x8  xxmemxmalloc.o [3]
  .bss                zero     0x20003efc     0x2  Scale.o [1]
  .bss                zero     0x20003efe     0x1  ModbusRTUSlave.o [1]
  .bss                zero     0x20003eff     0x1  Scale.o [1]
                             - 0x20003f00  0x3090


*******************************************************************************
*** INIT TABLE
***

          Address     Size
          -------     ----
Zero (__iar_zero_init3)
    1 destination range, total size 0x3090:
          0x20000e70  0x3090

Copy/lz77 (__iar_lz77_init_single3)
    1 source range, total size 0xde (35% of destination):
          0x0800d1e8    0xde
    1 destination range, total size 0x270:
          0x20000000   0x270



*******************************************************************************
*** MODULE SUMMARY
***

    Module                        ro code  ro data  rw data
    ------                        -------  -------  -------
F:\YL_MAIN_CK\DL_Scale\YL_DLC\EWARM\YL_DLC\Obj: [1]
    ADS1230.o                         168
    Cal.o                             168
    CmdProcess.o                    1 796      340      540
    Filter.o                        1 204               432
    J_FILTER.o                      1 192    4 264      248
    ModbusRTUSlave.o                  638               213
    Motion.o                          212               220
    RB_Format.o                       532
    RB_String.o                        86
    Scale.o                         6 236                 3
    Tare.o                          1 420               120
    Unit.o                            440                 8
    UserParam.o                     2 016             1 152
    Zero.o                          1 192               156
    cmsis_os.o                        356
    comm.o                              4
    dma.o                              96
    freertos.o                        528       60       44
    gpio.o                            344
    heap_4.o                          424             4 120
    i2c.o                             424                84
    list.o                            142
    main.o                            360               552
    port.o                            420        5       12
    portasm.o                         136
    queue.o                         1 424
    startup_stm32f103xe.o             532
    stm32f1xx_hal.o                   104        4       12
    stm32f1xx_hal_cortex.o            248
    stm32f1xx_hal_dma.o             1 086
    stm32f1xx_hal_gpio.o              480
    stm32f1xx_hal_i2c.o             2 104
    stm32f1xx_hal_msp.o               156
    stm32f1xx_hal_rcc.o             1 250
    stm32f1xx_hal_tim.o               554
    stm32f1xx_hal_tim_ex.o              4
    stm32f1xx_hal_timebase_TIM.o      120                64
    stm32f1xx_hal_uart.o            1 342
    stm32f1xx_it.o                    128
    system_stm32f1xx.o                 92        9        4
    tasks.o                         1 884               300
    usart.o                           908             4 504
    -------------------------------------------------------
    Total:                         32 950    4 682   12 788

command line: [2]
    -------------------------------------------------------
    Total:

dl7M_tlf.a: [3]
    div.o                              14
    errno.o                            12        2        4
    exit.o                              4
    isxxx.o                            40
    localeconv.o                      108       49      136
    low_level_init.o                    4
    setlocale.o                        36       41      116
    sprintf.o                          52
    sscanf.o                           36
    strncmp.o                          44
    tolower.o                          20
    xencoding_sb.o                     96
    xgetmemchunk.o                     44                 4
    xlocale_c.o                        54
    xmbcurmax.o                        10
    xmbtowc.o                          32
    xprintffull.o                   4 506
    xscanffull.o                    3 312
    xsprout.o                          10
    xsscin.o                           30
    xstoflt.o                         440
    xstoll.o                          166
    xstopfx.o                         290
    xstoull.o                         432
    xstoxflt.o                        536
    xtls.o                              2
    xwctob.o                           64
    xwctomb.o                          26
    xxmemxfree.o                      128
    xxmemxmalloc.o                    176                 8
    -------------------------------------------------------
    Total:                         10 724       92      268

m7M_tl.a: [4]
    DblAdd.o                          232
    DblCmpEq.o                         32
    DblCmpGe.o                         46
    DblCmpLe.o                         46
    DblDiv.o                          598
    DblMul.o                          418
    DblSub.o                          384
    DblToFlt.o                        144
    DblToI32.o                         88
    FltAdd.o                          116
    FltCmpGe.o                         36
    FltCmpLe.o                         36
    FltDiv.o                          252
    FltMul.o                          216
    FltSub.o                          230
    FltToDbl.o                         78
    FltToS32.o                         68
    I32ToDbl.o                         48
    I32ToFlt.o                         50
    xdnorm.o                           68
    xdscale.o                         268
    xdsign.o                            8
    xdtento.o                         512
    xdtest.o                           50
    xdunscal.o                         86
    xstold.o                          332
    -------------------------------------------------------
    Total:                          4 442

rt7M_tl.a: [5]
    ABImemclr.o                         6
    ABImemclr4.o                        6
    ABImemcpy_unaligned.o             118
    ABImemset.o                       102
    ABImemset48.o                      50
    I64DivMod.o                       238
    I64DivZer.o                         2
    cexit.o                            10
    cmain.o                            26
    cstartup_M.o                       12
    data_init.o                        40
    lz77_init_single.o                120
    memchr.o                           88
    strchr.o                           22
    strlen.o                           54
    zero_init3.o                       64
    -------------------------------------------------------
    Total:                            958

shb_l.a: [6]
    exit.o                             20
    -------------------------------------------------------
    Total:                             20

    Gaps                               54        4
    Linker created                              32    3 072
-----------------------------------------------------------
    Grand Total:                   49 148    4 810   16 128


*******************************************************************************
*** ENTRY LIST
***

Entry                      Address    Size  Type      Object
-----                      -------    ----  ----      ------
.iar.init_table$$Base   0x0800d08c           --   Gb  - Linker created -
.iar.init_table$$Limit  0x0800d0ac           --   Gb  - Linker created -
?main                   0x0800d0ad          Code  Gb  cmain.o [5]
ADC_ProcessTask         0x08006127    0x7c  Code  Gb  freertos.o [1]
AHBPrescTable           0x08003710    0x10  Data  Gb  system_stm32f1xx.o [1]
APBPrescTable           0x0800d10c     0x8  Data  Gb  system_stm32f1xx.o [1]
AZMDivisionTable        0x08002bdc     0x4  Data  Lc  Zero.o [1]
BusFault_Handler        0x0800cf33     0x2  Code  Gb  stm32f1xx_it.o [1]
CAL_AdjustCalParams     0x08008a65    0xa8  Code  Gb  Cal.o [1]
CSTACK$$Base            0x20000270           --   Gb  - Linker created -
CSTACK$$Limit           0x20000a70           --   Gb  - Linker created -
CalibrateStabilityFilter
                        0x0800379f    0x16  Code  Gb  J_FILTER.o [1]
CheckIncrIsValid        0x0800103b    0x30  Code  Gb  Scale.o [1]
ClearTare               0x0800776b     0x8  Code  Lc  CmdProcess.o [1]
DMA1_Channel4_IRQHandler
                        0x0800cf3d     0x6  Code  Gb  stm32f1xx_it.o [1]
DMA1_Channel5_IRQHandler
                        0x0800cf43     0x6  Code  Gb  stm32f1xx_it.o [1]
DMA1_Channel6_IRQHandler
                        0x0800cf49     0x6  Code  Gb  stm32f1xx_it.o [1]
DMA1_Channel7_IRQHandler
                        0x0800cf4f     0x6  Code  Gb  stm32f1xx_it.o [1]
DMA_SetConfig           0x08006efd    0x22  Code  Lc  stm32f1xx_hal_dma.o [1]
DebugMon_Handler        0x0800cf37     0x2  Code  Gb  stm32f1xx_it.o [1]
EEPROM_Read             0x080042db    0x50  Code  Gb  i2c.o [1]
EEPROM_Write            0x08004369    0x76  Code  Gb  i2c.o [1]
FilterWeight            0x080037b5    0x88  Code  Gb  J_FILTER.o [1]
FreshRegArry            0x08006f57    0x6e  Code  Gb  ModbusRTUSlave.o [1]
GetADCvalue             0x0800771f    0x44  Code  Lc  CmdProcess.o [1]
GetAbsCounts            0x08002a67     0x8  Code  Lc  Zero.o [1]
GetWeigt                0x0800767b    0x66  Code  Lc  CmdProcess.o [1]
GetWeigtG               0x080076e7     0x6  Code  Lc  CmdProcess.o [1]
GetWeigtN               0x080076ed     0x4  Code  Lc  CmdProcess.o [1]
GetWeigtT               0x08007719     0x6  Code  Lc  CmdProcess.o [1]
HAL_DMA_Abort           0x08006beb    0x30  Code  Gb  stm32f1xx_hal_dma.o [1]
HAL_DMA_Abort_IT        0x08006c1b    0xe2  Code  Gb  stm32f1xx_hal_dma.o [1]
HAL_DMA_IRQHandler      0x08006cfd   0x1b6  Code  Gb  stm32f1xx_hal_dma.o [1]
HAL_DMA_Init            0x08006ae1    0x78  Code  Gb  stm32f1xx_hal_dma.o [1]
HAL_DMA_Start_IT        0x08006b67    0x5e  Code  Gb  stm32f1xx_hal_dma.o [1]
HAL_Delay               0x080050b9    0x28  Code  Wk  stm32f1xx_hal.o [1]
HAL_GPIO_Init           0x08004ed9   0x188  Code  Gb  stm32f1xx_hal_gpio.o [1]
HAL_GPIO_ReadPin        0x08005061     0xc  Code  Gb  stm32f1xx_hal_gpio.o [1]
HAL_GPIO_TogglePin      0x08005075     0x8  Code  Gb  stm32f1xx_hal_gpio.o [1]
HAL_GPIO_WritePin       0x0800506d     0x8  Code  Gb  stm32f1xx_hal_gpio.o [1]
HAL_GetTick             0x080055c5     0xc  Code  Wk  stm32f1xx_hal.o [1]
HAL_I2C_GetState        0x080049ff     0x6  Code  Gb  stm32f1xx_hal_i2c.o [1]
HAL_I2C_Init            0x08004539    0xd4  Code  Gb  stm32f1xx_hal_i2c.o [1]
HAL_I2C_Mem_Read        0x0800478d   0x10a  Code  Gb  stm32f1xx_hal_i2c.o [1]
HAL_I2C_Mem_Write       0x08004675    0xba  Code  Gb  stm32f1xx_hal_i2c.o [1]
HAL_I2C_MspInit         0x080042a1    0x3a  Code  Gb  i2c.o [1]
HAL_IncTick             0x08006485    0x10  Code  Wk  stm32f1xx_hal.o [1]
HAL_Init                0x080055d1    0x20  Code  Gb  stm32f1xx_hal.o [1]
HAL_InitTick            0x08006495    0x66  Code  Gb  stm32f1xx_hal_timebase_TIM.o [1]
HAL_MspInit             0x0800650d    0x9c  Code  Gb  stm32f1xx_hal_msp.o [1]
HAL_NVIC_EnableIRQ      0x080063fb     0xc  Code  Gb  stm32f1xx_hal_cortex.o [1]
HAL_NVIC_SetPriority    0x080063c1    0x3a  Code  Gb  stm32f1xx_hal_cortex.o [1]
HAL_NVIC_SetPriorityGrouping
                        0x080063a7    0x1a  Code  Gb  stm32f1xx_hal_cortex.o [1]
HAL_NVIC_SystemReset    0x0800640f    0x1a  Code  Gb  stm32f1xx_hal_cortex.o [1]
HAL_RCC_ClockConfig     0x080053bb   0x10a  Code  Gb  stm32f1xx_hal_rcc.o [1]
HAL_RCC_GetClockConfig  0x08005551    0x34  Code  Gb  stm32f1xx_hal_rcc.o [1]
HAL_RCC_GetHCLKFreq     0x08005527     0x6  Code  Gb  stm32f1xx_hal_rcc.o [1]
HAL_RCC_GetPCLK1Freq    0x0800552d    0x10  Code  Gb  stm32f1xx_hal_rcc.o [1]
HAL_RCC_GetPCLK2Freq    0x0800553d     0xe  Code  Gb  stm32f1xx_hal_rcc.o [1]
HAL_RCC_GetSysClockFreq
                        0x080054d9    0x4e  Code  Gb  stm32f1xx_hal_rcc.o [1]
HAL_RCC_OscConfig       0x080050e1   0x2d2  Code  Gb  stm32f1xx_hal_rcc.o [1]
HAL_SYSTICK_CLKSourceConfig
                        0x08006451    0x14  Code  Gb  stm32f1xx_hal_cortex.o [1]
HAL_SYSTICK_Config      0x08006429    0x28  Code  Gb  stm32f1xx_hal_cortex.o [1]
HAL_TIMEx_BreakCallback
                        0x08008dd1     0x2  Code  Wk  stm32f1xx_hal_tim_ex.o [1]
HAL_TIMEx_CommutationCallback
                        0x08008dd5     0x2  Code  Wk  stm32f1xx_hal_tim_ex.o [1]
HAL_TIM_Base_Init       0x080087e5    0x1a  Code  Gb  stm32f1xx_hal_tim.o [1]
HAL_TIM_Base_MspInit    0x08008a05     0x2  Code  Wk  stm32f1xx_hal_tim.o [1]
HAL_TIM_Base_Start_IT   0x080087ff    0x16  Code  Gb  stm32f1xx_hal_tim.o [1]
HAL_TIM_IC_CaptureCallback
                        0x08008dcd     0x2  Code  Wk  stm32f1xx_hal_tim.o [1]
HAL_TIM_IRQHandler      0x08008831   0x142  Code  Gb  stm32f1xx_hal_tim.o [1]
HAL_TIM_OC_DelayElapsedCallback
                        0x08008dcf     0x2  Code  Wk  stm32f1xx_hal_tim.o [1]
HAL_TIM_PWM_PulseFinishedCallback
                        0x08008dd7     0x2  Code  Wk  stm32f1xx_hal_tim.o [1]
HAL_TIM_PeriodElapsedCallback
                        0x08004ea5     0xe  Code  Gb  main.o [1]
HAL_TIM_TriggerCallback
                        0x08008dd3     0x2  Code  Wk  stm32f1xx_hal_tim.o [1]
HAL_UART_DMAStop        0x080066f3    0x48  Code  Gb  stm32f1xx_hal_uart.o [1]
HAL_UART_ErrorCallback  0x08008a07     0x2  Code  Wk  stm32f1xx_hal_uart.o [1]
HAL_UART_IRQHandler     0x08006753   0x14e  Code  Gb  stm32f1xx_hal_uart.o [1]
HAL_UART_Init           0x080065a9    0x24  Code  Gb  stm32f1xx_hal_uart.o [1]
HAL_UART_MspInit        0x08005837   0x156  Code  Gb  usart.o [1]
HAL_UART_Receive_DMA    0x0800665f    0x8e  Code  Gb  stm32f1xx_hal_uart.o [1]
HAL_UART_RxCpltCallback
                        0x08008a09     0x2  Code  Wk  stm32f1xx_hal_uart.o [1]
HAL_UART_RxHalfCpltCallback
                        0x08008a0b     0x2  Code  Wk  stm32f1xx_hal_uart.o [1]
HAL_UART_Transmit_IT    0x08006619    0x40  Code  Gb  stm32f1xx_hal_uart.o [1]
HAL_UART_TxCpltCallback
                        0x080059b3    0x1e  Code  Gb  usart.o [1]
HEAP$$Base              0x20000a70           --   Gb  - Linker created -
HEAP$$Limit             0x20000e70           --   Gb  - Linker created -
HardFault_Handler       0x0800cf2f     0x2  Code  Gb  stm32f1xx_it.o [1]
I2C2_WriteBuff16        0x0800432b    0x28  Code  Gb  i2c.o [1]
I2C_IsAcknowledgeFailed
                        0x08004d49    0x28  Code  Lc  stm32f1xx_hal_i2c.o [1]
I2C_RequestMemoryRead   0x08004aa3    0xc0  Code  Lc  stm32f1xx_hal_i2c.o [1]
I2C_RequestMemoryWrite  0x08004a11    0x7e  Code  Lc  stm32f1xx_hal_i2c.o [1]
I2C_WaitOnBTFFlagUntilTimeout
                        0x08004ca1    0x32  Code  Lc  stm32f1xx_hal_i2c.o [1]
I2C_WaitOnFlagUntilTimeout
                        0x08004b95    0x5e  Code  Lc  stm32f1xx_hal_i2c.o [1]
I2C_WaitOnMasterAddressFlagUntilTimeout
                        0x08004bf3    0x6c  Code  Lc  stm32f1xx_hal_i2c.o [1]
I2C_WaitOnRXNEFlagUntilTimeout
                        0x08004cef    0x3e  Code  Lc  stm32f1xx_hal_i2c.o [1]
I2C_WaitOnTXEFlagUntilTimeout
                        0x08004c6f    0x32  Code  Lc  stm32f1xx_hal_i2c.o [1]
InitFilter              0x0800383d    0x22  Code  Lc  J_FILTER.o [1]
InitScaleParamters      0x080001d9    0xce  Code  Gb  Scale.o [1]
InitScaleStruct         0x080002af    0x26  Code  Gb  Scale.o [1]
LoadInt                 0x0800a13f    0x6e  Code  Lc  xprintffull.o [3]
MOTION_Calibrate        0x0800261d    0x20  Code  Gb  Motion.o [1]
MOTION_GetMotion        0x08002619     0x4  Code  Gb  Motion.o [1]
MOTION_Init             0x080025e5    0x24  Code  Gb  Motion.o [1]
MOTION_ProcessMotion    0x0800263d    0x74  Code  Gb  Motion.o [1]
MOTION_SetStabilityTimePeriod
                        0x08002609    0x10  Code  Gb  Motion.o [1]
MX_DMA_Init             0x0800574d    0x60  Code  Gb  dma.o [1]
MX_FREERTOS_Init        0x08006019    0x74  Code  Gb  freertos.o [1]
MX_GPIO_Init            0x080055f5    0xd8  Code  Gb  gpio.o [1]
MX_I2C1_Init            0x08004269    0x38  Code  Gb  i2c.o [1]
MX_USART1_UART_Init     0x080057ad    0x2e  Code  Gb  usart.o [1]
MX_USART2_UART_Init     0x080057db    0x26  Code  Gb  usart.o [1]
MayerFilter             0x08003a51    0xca  Code  Lc  J_FILTER.o [1]
MemManage_Handler       0x0800cf31     0x2  Code  Gb  stm32f1xx_it.o [1]
ModbusRTU_Process       0x080070e3    0xa2  Code  Gb  ModbusRTUSlave.o [1]
NMI_Handler             0x0800cf2d     0x2  Code  Gb  stm32f1xx_it.o [1]
NVIC_SetPriority        0x0800638d    0x1a  Code  Lc  stm32f1xx_hal_cortex.o [1]
PendSV_Handler          0x08008d45          Code  Gb  portasm.o [1]
Pre_TARE_TakeTare       0x08002e29    0x8c  Code  Gb  Tare.o [1]
RB_FORMAT_Double        0x08003d61   0x1ca  Code  Gb  RB_Format.o [1]
RB_STRING_AlignRight    0x08003f75    0x1c  Code  Gb  RB_String.o [1]
RB_STRING_strncpymax    0x08003fa5    0x26  Code  Gb  RB_String.o [1]
ReadADC                 0x08007679     0x2  Code  Lc  CmdProcess.o [1]
ReadADS1230Value1       0x080078ad    0x3a  Code  Gb  ADS1230.o [1]
ReadADS1230Value2       0x080078f9    0x48  Code  Gb  ADS1230.o [1]
ReadAddr                0x080056eb    0x4c  Code  Gb  gpio.o [1]
ReadCalibration         0x08007671     0x2  Code  Lc  CmdProcess.o [1]
ReadCapacityAndIncr     0x080074d3    0x44  Code  Lc  CmdProcess.o [1]
ReadGeoCode             0x0800755f    0x36  Code  Lc  CmdProcess.o [1]
ReadTestPoint           0x08007519     0x2  Code  Lc  CmdProcess.o [1]
ReadZeroRang            0x08007675     0x2  Code  Lc  CmdProcess.o [1]
Region$$Table$$Base     0x0800d08c           --   Gb  - Linker created -
Region$$Table$$Limit    0x0800d0ac           --   Gb  - Linker created -
ResetParamters          0x08007499    0x3a  Code  Lc  CmdProcess.o [1]
ResetScaleParameters    0x0800106b   0x292  Code  Gb  Scale.o [1]
ResetSys                0x0800747d    0x1c  Code  Lc  CmdProcess.o [1]
SCALE_AdjustTareAtMultiRangeZero
                        0x08000c19    0x86  Code  Gb  Scale.o [1]
SCALE_AffirmWeightString
                        0x08000e15    0x82  Code  Gb  Scale.o [1]
SCALE_CalcDP            0x08000a17    0xa0  Code  Gb  Scale.o [1]
SCALE_CalcLinearFactor  0x08000edf    0xa6  Code  Gb  Scale.o [1]
SCALE_CalcSpanFactor    0x08000eaf    0x30  Code  Gb  Scale.o [1]
SCALE_CalcWeightStringLength
                        0x08000e01    0x14  Code  Lc  Scale.o [1]
SCALE_CalculateDivisinon
                        0x0800074d   0x1fc  Code  Gb  Scale.o [1]
SCALE_CheckScaleStatus  0x08000fb5    0x44  Code  Gb  Scale.o [1]
SCALE_FormatDisplayWeight
                        0x08000cf1   0x100  Code  Gb  Scale.o [1]
SCALE_GetCapacityByRange
                        0x080009cd     0x6  Code  Gb  Scale.o [1]
SCALE_GetDp             0x08000ab7    0x1c  Code  Gb  Scale.o [1]
SCALE_GetIncrIndex      0x08000c9f    0x52  Code  Gb  Scale.o [1]
SCALE_GetIncrementArray
                        0x08000973    0x36  Code  Gb  Scale.o [1]
SCALE_GetIncrementByWeight
                        0x080009a9    0x24  Code  Gb  Scale.o [1]
SCALE_GetProgrammableTareIncrement
                        0x08000ff9    0x2c  Code  Gb  Scale.o [1]
SCALE_Init              0x080002d5    0x42  Code  Gb  Scale.o [1]
SCALE_Linearity         0x08000651    0x54  Code  Gb  Scale.o [1]
SCALE_PostProcess       0x08000317   0x322  Code  Gb  Scale.o [1]
SCALE_ProcessMultiRangeInterval
                        0x080006b9    0x94  Code  Gb  Scale.o [1]
SCALE_RoundedWeight     0x080009d3    0x26  Code  Gb  Scale.o [1]
SCALE_SwitchUnits       0x08000ad3   0x136  Code  Gb  Scale.o [1]
SVC_Handler             0x08008d8b          Code  Gb  portasm.o [1]
ScaleAdjust             0x080072fd   0x13c  Code  Lc  CmdProcess.o [1]
SendCom                 0x08005aa1    0x32  Code  Gb  usart.o [1]
SendErr                 0x080071ad     0xc  Code  Gb  CmdProcess.o [1]
SendOK                  0x080071a1     0xc  Code  Gb  CmdProcess.o [1]
SetADC                  0x08007677     0x2  Code  Lc  CmdProcess.o [1]
SetCalibration          0x080075ab    0xa0  Code  Lc  CmdProcess.o [1]
SetCapacitiyAndIncr     0x080071b9    0x92  Code  Lc  CmdProcess.o [1]
SetCmdArry              0x20000028   0x12c  Data  Gb  CmdProcess.o [1]
SetCmdProcess           0x080077d9    0x28  Code  Gb  CmdProcess.o [1]
SetFilterHz             0x0800724b    0x5a  Code  Lc  CmdProcess.o [1]
SetFilterPos            0x080072a9    0x46  Code  Lc  CmdProcess.o [1]
SetGeoCode              0x0800751b    0x3a  Code  Lc  CmdProcess.o [1]
SetLowPassFilterCornerFrequency
                        0x0800385f    0xc4  Code  Lc  J_FILTER.o [1]
SetTare                 0x08007763     0x8  Code  Lc  CmdProcess.o [1]
SetTestPoint            0x08007517     0x2  Code  Lc  CmdProcess.o [1]
SetZero                 0x08007773     0x8  Code  Lc  CmdProcess.o [1]
SetZeroRang             0x08007673     0x2  Code  Lc  CmdProcess.o [1]
StabilityFilterInit     0x08003721    0x7e  Code  Gb  J_FILTER.o [1]
SysTick_Handler         0x0800cf39     0x4  Code  Gb  stm32f1xx_it.o [1]
SystemClock_Config      0x08004e31    0x74  Code  Gb  main.o [1]
SystemCoreClock         0x2000016c     0x4  Data  Gb  system_stm32f1xx.o [1]
SystemInit              0x080036c5    0x3a  Code  Gb  system_stm32f1xx.o [1]
TARE_AutoTare           0x08002cd5    0x98  Code  Gb  Tare.o [1]
TARE_Calibrate          0x08002c13    0xba  Code  Gb  Tare.o [1]
TARE_CheckAutoClearTare
                        0x08002d79    0x4c  Code  Gb  Tare.o [1]
TARE_ClearTare          0x080030d7    0x32  Code  Gb  Tare.o [1]
TARE_FormatStoredWeight
                        0x08002ed7    0x54  Code  Gb  Tare.o [1]
TARE_GetTareMode        0x08003177     0x6  Code  Gb  Tare.o [1]
TARE_Init               0x08002bf1    0x22  Code  Gb  Tare.o [1]
TARE_IsPushbuttonTareEnabled
                        0x0800316b     0x6  Code  Gb  Tare.o [1]
TARE_PublicClearTare    0x08003109     0x2  Code  Gb  Tare.o [1]
TARE_SetKeyboardTare    0x08002fe9    0xc4  Code  Gb  Tare.o [1]
TARE_SetTareMode        0x08003171     0x6  Code  Gb  Tare.o [1]
TARE_SetTareSource      0x0800310d    0x2e  Code  Gb  Tare.o [1]
TARE_TakePushbuttonTare
                        0x08002f2b    0xbe  Code  Gb  Tare.o [1]
TARE_TakeTare           0x08002dd1    0x58  Code  Gb  Tare.o [1]
TIM1_UP_IRQHandler      0x0800cf55     0x6  Code  Gb  stm32f1xx_it.o [1]
TIM_Base_SetConfig      0x08008979    0x76  Code  Gb  stm32f1xx_hal_tim.o [1]
UART_DMAAbortOnError    0x0800695d     0xc  Code  Lc  stm32f1xx_hal_uart.o [1]
UART_DMAError           0x080068e1    0x4a  Code  Lc  stm32f1xx_hal_uart.o [1]
UART_DMAReceiveCplt     0x080068a1    0x38  Code  Lc  stm32f1xx_hal_uart.o [1]
UART_DMARxHalfCplt      0x080068d9     0x6  Code  Lc  stm32f1xx_hal_uart.o [1]
UART_EndRxTransfer      0x0800693d    0x1c  Code  Lc  stm32f1xx_hal_uart.o [1]
UART_EndTxTransfer      0x0800692b    0x12  Code  Lc  stm32f1xx_hal_uart.o [1]
UART_Receive_IT         0x08006969    0x92  Code  Lc  stm32f1xx_hal_uart.o [1]
UART_SetConfig          0x080069fb    0xdc  Code  Lc  stm32f1xx_hal_uart.o [1]
UNIT_ConvertUnitType    0x080031df    0x1e  Code  Gb  Unit.o [1]
UNIT_ConvertUnits       0x080031b1    0x2e  Code  Gb  Unit.o [1]
UNIT_GetUnit            0x08003301     0xc  Code  Gb  Unit.o [1]
UNIT_RoundToNearest1_2_5
                        0x080031fd    0xfe  Code  Gb  Unit.o [1]
USART1_IRQHandler       0x0800cf5b    0x14  Code  Gb  stm32f1xx_it.o [1]
USART2_IRQHandler       0x0800cf89    0x1a  Code  Gb  stm32f1xx_it.o [1]
USER_PARAM_CalcBlockChecksum
                        0x08001cd7    0x24  Code  Lc  UserParam.o [1]
USER_PARAM_Get          0x08001a5b    0x6e  Code  Gb  UserParam.o [1]
USER_PARAM_GetBlock     0x08001c3b    0x82  Code  Gb  UserParam.o [1]
USER_PARAM_Initialize   0x0800198d    0xce  Code  Gb  UserParam.o [1]
USER_PARAM_Set          0x08001ac9   0x13a  Code  Gb  UserParam.o [1]
USER_PARAM_Table        0x08001d18   0x454  Data  Gb  UserParam.o [1]
Uart1_ProcessHandle     0x20003ee0     0x4  Data  Gb  freertos.o [1]
Uart1_ProcessTask       0x080060cb    0x2c  Code  Gb  freertos.o [1]
Uart2_ProcessHandle     0x20003ee4     0x4  Data  Gb  freertos.o [1]
Uart2_ProcessTask       0x080060f7    0x26  Code  Gb  freertos.o [1]
UsageFault_Handler      0x0800cf35     0x2  Code  Gb  stm32f1xx_it.o [1]
UsartReceive_IDLE       0x080059d1    0xc4  Code  Gb  usart.o [1]
WeighProcessHandle      0x20003edc     0x4  Data  Gb  freertos.o [1]
WeighProcessTask        0x0800608d    0x3e  Code  Gb  freertos.o [1]
ZERO_Calibrate          0x08002755   0x180  Code  Gb  Zero.o [1]
ZERO_GetCenterOfZero    0x08002bb1     0xe  Code  Gb  Zero.o [1]
ZERO_GetCurrentZero     0x08002b65     0x4  Code  Gb  Zero.o [1]
ZERO_GetPowerUpZeroCaptured
                        0x08002bcd     0xe  Code  Gb  Zero.o [1]
ZERO_GetUnderZero       0x08002bbf     0xe  Code  Gb  Zero.o [1]
ZERO_Init               0x08002749     0xc  Code  Gb  Zero.o [1]
ZERO_ProcessPowerupZero
                        0x080029e1    0x86  Code  Gb  Zero.o [1]
ZERO_ProcessZero        0x08002a6f    0xf6  Code  Gb  Zero.o [1]
ZERO_SetCalibratedZeroCounts
                        0x08002b9d     0x4  Code  Gb  Zero.o [1]
ZERO_SetCurrentZero     0x08002b69    0x10  Code  Gb  Zero.o [1]
ZERO_SetPowerUpZero     0x08002ba1    0x10  Code  Gb  Zero.o [1]
ZERO_SetPushbuttonZero  0x080028f1    0xc8  Code  Gb  Zero.o [1]
ZERO_SetReCalibratedZeroCounts
                        0x08002b79    0x24  Code  Gb  Zero.o [1]
_EncodingSb_Mbtowc      0x0800b54f    0x30  Code  Gb  xencoding_sb.o [3]
_EncodingSb_Mbtowc::initial
                        0x0800b58c     0x8  Data  Lc  xencoding_sb.o [3]
_EncodingSb_Wctomb      0x0800b535    0x1a  Code  Gb  xencoding_sb.o [3]
_EncodingSb_Wctomb::initial
                        0x0800b584     0x8  Data  Lc  xencoding_sb.o [3]
_Error_Handler          0x08004ec1     0x2  Code  Gb  main.o [1]
_GenldFull              0x0800a9c5   0x254  Code  Lc  xprintffull.o [3]
_GetN                   0x08008dd9    0x22  Code  Lc  xscanffull.o [3]
_GetfldFull             0x08008ffd   0x10a  Code  Lc  xscanffull.o [3]
_GetfloatFull           0x080095bb   0x4e8  Code  Lc  xscanffull.o [3]
_GetintFull             0x080093c3   0x1f2  Code  Lc  xscanffull.o [3]
_GetstrFull             0x08009109   0x2b4  Code  Lc  xscanffull.o [3]
_IsdstStr               0x200001fc     0x4  Data  Gb  setlocale.o [3]
_LdtobFull              0x0800a5c5   0x3fa  Code  Lc  xprintffull.o [3]
_LitobFull              0x0800a4b9   0x10a  Code  Lc  xprintffull.o [3]
_LocaleC_isalpha        0x0800b595    0x16  Code  Gb  xlocale_c.o [3]
_LocaleC_isspace        0x0800b5ab    0x14  Code  Gb  xlocale_c.o [3]
_LocaleC_tolower        0x0800bd43     0xc  Code  Gb  xlocale_c.o [3]
_LocaleEncoding         0x0800b523     0xe  Code  Gb  setlocale.o [3]
_LocaleForCat           0x0800b511    0x12  Code  Gb  setlocale.o [3]
_LocaleReturnString     0x2000021c    0x50  Data  Lc  setlocale.o [3]
_Locale_Profile         0x20000200    0x1c  Data  Gb  setlocale.o [3]
_Locale_aeabi_lconv     0x200001c0    0x38  Data  Gb  localeconv.o [3]
_Locale_lconv           0x20000170    0x50  Data  Gb  localeconv.o [3]
_Mbtowc                 0x0800ac63    0x20  Code  Gb  xmbtowc.o [3]
_PrintfFull             0x08009ac9   0x660  Code  Gb  xprintffull.o [3]
_PutcharsFull           0x0800ac19    0x2e  Code  Lc  xprintffull.o [3]
_PutstrFull             0x0800a1ad   0x306  Code  Lc  xprintffull.o [3]
_SProut                 0x08002583     0xa  Code  Gb  xsprout.o [3]
_SScin                  0x080023c3    0x1e  Code  Gb  xsscin.o [3]
_ScanfFull              0x08008e15   0x1e2  Code  Gb  xscanffull.o [3]
_Stoflt                 0x0800b705   0x1b8  Code  Gb  xstoflt.o [3]
_Stopfx                 0x0800b5e1   0x122  Code  Gb  xstopfx.o [3]
_Stoxflt                0x0800baf9   0x1e2  Code  Gb  xstoxflt.o [3]
_Stoxflt::digits        0x0800bce0    0x18  Data  Lc  xstoxflt.o [3]
_Stoxflt::vals          0x0800bcf8    0x18  Data  Lc  xstoxflt.o [3]
_TzoneStr               0x200001f8     0x4  Data  Gb  setlocale.o [3]
_UngetN                 0x08008dfb    0x1a  Code  Lc  xscanffull.o [3]
_Wctomb                 0x0800b335    0x1a  Code  Gb  xwctomb.o [3]
__aeabi_cdcmpeq         0x080036a5          Code  Gb  DblCmpEq.o [4]
__aeabi_cdcmple         0x08003369          Code  Gb  DblCmpLe.o [4]
__aeabi_cdrcmple        0x08003399          Code  Gb  DblCmpGe.o [4]
__aeabi_cfcmple         0x08003419          Code  Gb  FltCmpLe.o [4]
__aeabi_cfrcmple        0x08003cd5          Code  Gb  FltCmpGe.o [4]
__aeabi_d2f             0x080026b9          Code  Gb  DblToFlt.o [4]
__aeabi_d2iz            0x0800258d          Code  Gb  DblToI32.o [4]
__aeabi_d2uiz           0x080025b9          Code  Gb  DblToI32.o [4]
__aeabi_dadd            0x080035bd          Code  Gb  DblAdd.o [4]
__aeabi_ddiv            0x0800216d          Code  Gb  DblDiv.o [4]
__aeabi_dmul            0x080023e1          Code  Gb  DblMul.o [4]
__aeabi_dsub            0x0800343d          Code  Gb  DblSub.o [4]
__aeabi_errno_addr      0x0800b5c1     0x6  Code  Gb  errno.o [3]
__aeabi_f2d             0x080033c9          Code  Gb  FltToDbl.o [4]
__aeabi_f2iz            0x08004411          Code  Gb  FltToS32.o [4]
__aeabi_fdiv            0x080040ed          Code  Gb  FltDiv.o [4]
__aeabi_fmul            0x08003bc9          Code  Gb  FltMul.o [4]
__aeabi_fsub            0x08004005          Code  Gb  FltSub.o [4]
__aeabi_i2d             0x08003181          Code  Gb  I32ToDbl.o [4]
__aeabi_i2f             0x08003ca1          Code  Gb  I32ToFlt.o [4]
__aeabi_ldiv0           0x0800bd41          Code  Gb  I64DivZer.o [5]
__aeabi_memclr          0x080078a5          Code  Gb  ABImemclr.o [5]
__aeabi_memclr4         0x080041e9          Code  Gb  ABImemclr4.o [5]
__aeabi_memset          0x08003cf9          Code  Gb  ABImemset.o [5]
__aeabi_ui2d            0x08003195          Code  Gb  I32ToDbl.o [4]
__aeabi_ui2f            0x08003cb5          Code  Gb  I32ToFlt.o [4]
__aeabi_uldivmod        0x0800b3d1          Code  Gb  I64DivMod.o [5]
__cmain                 0x0800d0ad          Code  Gb  cmain.o [5]
__data_Aldata           0x20003ef4     0x8  Data  Gb  xxmemxmalloc.o [3]
__data_GetMemChunk      0x0800bd15    0x2c  Code  Gb  xgetmemchunk.o [3]
__data_GetMemChunk::start
                        0x20003ebc     0x4  Data  Lc  xgetmemchunk.o [3]
__exit                  0x0800d0dd    0x14  Code  Gb  exit.o [6]
__iar_Dnorm             0x0800b4bf    0x44  Code  Gb  xdnorm.o [4]
__iar_Dscale            0x0800b16d   0x10c  Code  Gb  xdscale.o [4]
__iar_Dsign             0x08004487     0x8  Code  Gb  xdsign.o [4]
__iar_Dtentox           0x0800b94b   0x14e  Code  Gb  xdtento.o [4]
__iar_Dtest             0x08004455    0x32  Code  Gb  xdtest.o [4]
__iar_Dunscale          0x0800bd4f    0x56  Code  Gb  xdunscal.o [4]
__iar_Errno             0x2000026c     0x4  Data  Gb  errno.o [3]
__iar_Locale_lconv_init
                        0x0800b101    0x3a  Code  Gb  localeconv.o [3]
__iar_Mbcurmax          0x0800b279     0xa  Code  Gb  xmbcurmax.o [3]
__iar_Memchr            0x0800ad05          Code  Gb  memchr.o [5]
__iar_Memset            0x08003cf9          Code  Gb  ABImemset.o [5]
__iar_Memset4_word      0x08004505          Code  Gb  ABImemset48.o [5]
__iar_Memset8_word      0x08004505          Code  Gb  ABImemset48.o [5]
__iar_Memset_word       0x08003d01          Code  Gb  ABImemset.o [5]
__iar_Stold             0x0800b0fd     0x4  Code  Gb  xstold.o [4]
__iar_Stoldx            0x0800afb5   0x13a  Code  Gb  xstold.o [4]
__iar_Stoll             0x0800adff     0x4  Code  Gb  xstoll.o [3]
__iar_Stollx            0x0800ad5d    0xa2  Code  Gb  xstoll.o [3]
__iar_Stoull            0x0800af61     0x4  Code  Gb  xstoull.o [3]
__iar_Stoullx           0x0800ae05   0x156  Code  Gb  xstoull.o [3]
__iar_Strchr            0x0800aced          Code  Gb  strchr.o [5]
__iar_Wctob             0x0800ac85    0x36  Code  Gb  xwctob.o [3]
__iar_d2uiz             0x080025c5          Code  Gb  DblToI32.o [4]
__iar_dadd              0x080035d1          Code  Gb  DblAdd.o [4]
__iar_data_init3        0x0800d065    0x28  Code  Gb  data_init.o [5]
__iar_dlib_perthread_access
                        0x0800bd11     0x2  Code  Gb  xtls.o [3]
__iar_dsub              0x08003451          Code  Gb  DblSub.o [4]
__iar_dsubStart         0x08003463          Code  Gb  DblSub.o [4]
__iar_fadd              0x08004491          Code  Gb  FltAdd.o [4]
__iar_fsub              0x08004015          Code  Gb  FltSub.o [4]
__iar_fsubStart         0x08004025          Code  Gb  FltSub.o [4]
__iar_lz77_init_single3
                        0x0800cfad    0x78  Code  Gb  lz77_init_single.o [5]
__iar_program_start     0x0800d101          Code  Gb  cstartup_M.o [5]
__iar_ui2d              0x08003199          Code  Gb  I32ToDbl.o [4]
__iar_ui2f              0x08003cb9          Code  Gb  I32ToFlt.o [4]
__iar_unaligned___aeabi_memcpy
                        0x080041f1          Code  Gb  ABImemcpy_unaligned.o [5]
__iar_unaligned___aeabi_memcpy4
                        0x08004211          Code  Gb  ABImemcpy_unaligned.o [5]
__iar_unaligned___aeabi_memcpy8
                        0x08004211          Code  Gb  ABImemcpy_unaligned.o [5]
__iar_zero_init3        0x0800d025    0x40  Code  Gb  zero_init3.o [5]
__low_level_init        0x0800d0c7     0x4  Code  Gb  low_level_init.o [3]
__vector_table          0x08000000          Data  Gb  startup_stm32f103xe.o [1]
_call_main              0x0800d0b9          Code  Gb  cmain.o [5]
_exit                   0x0800d0d1          Code  Gb  cexit.o [5]
_main                   0x0800d0c3          Code  Gb  cmain.o [5]
adc1_adjustcounts1      0x20000000     0x8  Data  Gb  CmdProcess.o [1]
adc1_adjustcounts2      0x20000008     0x8  Data  Gb  CmdProcess.o [1]
adc2_adjustcounts1      0x20000010     0x8  Data  Gb  CmdProcess.o [1]
adc2_adjustcounts2      0x20000018     0x8  Data  Gb  CmdProcess.o [1]
adcvalue1               0x20003ed0     0x4  Data  Gb  freertos.o [1]
adcvalue2               0x20003ed4     0x4  Data  Gb  freertos.o [1]
adjustk2                0x20000020     0x8  Data  Gb  CmdProcess.o [1]
blockInfo               0x20003e3c    0x40  Data  Lc  UserParam.o [1]
blockStorageType        0x08001d08    0x10  Data  Gb  UserParam.o [1]
currentFilter           0x20003b68     0x4  Data  Gb  J_FILTER.o [1]
dFilerAdcValue          0x20003ec0     0x8  Data  Gb  freertos.o [1]
delay_us                0x08004d71    0x14  Code  Gb  main.o [1]
digits                  0x0800af64    0x28  Data  Lc  xstoull.o [3]
displayTareOperationErrorMessage
                        0x0800317f     0x2  Code  Gb  comm.o [1]
displayZeroOperationErrorMessage
                        0x0800317d     0x2  Code  Gb  comm.o [1]
div                     0x0800b503     0xe  Code  Gb  div.o [3]
dmul                    0x0800b8f9    0x52  Code  Lc  xdtento.o [4]
eeAppMap                0x20002f18   0x400  Data  Lc  UserParam.o [1]
eeMfgMap                0x20003e7c    0x40  Data  Lc  UserParam.o [1]
execute_filter          0x08005ef3    0x1a  Code  Gb  Filter.o [1]
exit                    0x0800d0cb     0x4  Code  Gb  exit.o [3]
filcnt                  0x20003c50     0x8  Data  Lc  Filter.o [1]
fillnoiseFilter         0x20003b70     0x4  Data  Gb  J_FILTER.o [1]
fillnoise_filter_switch
                        0x20003b58     0x1  Data  Lc  J_FILTER.o [1]
fillnoise_motion_buffer
                        0x20003b74    0x50  Data  Lc  J_FILTER.o [1]
fillnoise_motion_counts
                        0x20003bc8     0x4  Data  Lc  J_FILTER.o [1]
fillnoise_motion_ptr    0x20003bc4     0x4  Data  Lc  J_FILTER.o [1]
fillnoise_zero_counts   0x20003bcc     0x4  Data  Lc  J_FILTER.o [1]
filt_pct_choices        0x08005fa4    0x74  Data  Gb  Filter.o [1]
filter_0                0x080039e8    0x68  Data  Gb  J_FILTER.o [1]
filter_10_4             0x0800c0e8    0x68  Data  Gb  J_FILTER.o [1]
filter_10_6             0x0800c698    0x68  Data  Gb  J_FILTER.o [1]
filter_10_8             0x0800cbe0    0x68  Data  Gb  J_FILTER.o [1]
filter_11_4             0x0800c150    0x68  Data  Gb  J_FILTER.o [1]
filter_11_6             0x0800c700    0x68  Data  Gb  J_FILTER.o [1]
filter_11_8             0x0800cc48    0x68  Data  Gb  J_FILTER.o [1]
filter_12_4             0x0800c1b8    0x68  Data  Gb  J_FILTER.o [1]
filter_12_6             0x0800c768    0x68  Data  Gb  J_FILTER.o [1]
filter_12_8             0x0800ccb0    0x68  Data  Gb  J_FILTER.o [1]
filter_13_4             0x0800c220    0x68  Data  Gb  J_FILTER.o [1]
filter_13_6             0x0800c7d0    0x68  Data  Gb  J_FILTER.o [1]
filter_13_8             0x0800cd18    0x68  Data  Gb  J_FILTER.o [1]
filter_14_4             0x0800c288    0x68  Data  Gb  J_FILTER.o [1]
filter_14_6             0x0800c838    0x68  Data  Gb  J_FILTER.o [1]
filter_14_8             0x0800cd80    0x68  Data  Gb  J_FILTER.o [1]
filter_15_4             0x0800c2f0    0x68  Data  Gb  J_FILTER.o [1]
filter_15_6             0x0800c8a0    0x68  Data  Gb  J_FILTER.o [1]
filter_15_8             0x0800cde8    0x68  Data  Gb  J_FILTER.o [1]
filter_2_4              0x0800bda8    0x68  Data  Gb  J_FILTER.o [1]
filter_2_6              0x0800c358    0x68  Data  Gb  J_FILTER.o [1]
filter_2_8              0x08003b60    0x68  Data  Gb  J_FILTER.o [1]
filter_3_4              0x0800be10    0x68  Data  Gb  J_FILTER.o [1]
filter_3_6              0x0800c3c0    0x68  Data  Gb  J_FILTER.o [1]
filter_3_8              0x0800c908    0x68  Data  Gb  J_FILTER.o [1]
filter_4_4              0x0800be78    0x68  Data  Gb  J_FILTER.o [1]
filter_4_6              0x0800c428    0x68  Data  Gb  J_FILTER.o [1]
filter_4_8              0x0800c970    0x68  Data  Gb  J_FILTER.o [1]
filter_5_4              0x0800bee0    0x68  Data  Gb  J_FILTER.o [1]
filter_5_6              0x0800c490    0x68  Data  Gb  J_FILTER.o [1]
filter_5_8              0x0800c9d8    0x68  Data  Gb  J_FILTER.o [1]
filter_6_4              0x0800bf48    0x68  Data  Gb  J_FILTER.o [1]
filter_6_6              0x0800c4f8    0x68  Data  Gb  J_FILTER.o [1]
filter_6_8              0x0800ca40    0x68  Data  Gb  J_FILTER.o [1]
filter_7_4              0x0800bfb0    0x68  Data  Gb  J_FILTER.o [1]
filter_7_6              0x0800c560    0x68  Data  Gb  J_FILTER.o [1]
filter_7_8              0x0800caa8    0x68  Data  Gb  J_FILTER.o [1]
filter_8_4              0x0800c018    0x68  Data  Gb  J_FILTER.o [1]
filter_8_6              0x0800c5c8    0x68  Data  Gb  J_FILTER.o [1]
filter_8_8              0x0800cb10    0x68  Data  Gb  J_FILTER.o [1]
filter_9_4              0x0800c080    0x68  Data  Gb  J_FILTER.o [1]
filter_9_6              0x0800c630    0x68  Data  Gb  J_FILTER.o [1]
filter_9_8              0x0800cb78    0x68  Data  Gb  J_FILTER.o [1]
filteredOutput          0x20003b60     0x8  Data  Gb  J_FILTER.o [1]
filtno                  0x20003c48     0x1  Data  Lc  Filter.o [1]
free                    0x0800b351    0x7a  Code  Gb  xxmemxfree.o [3]
g_ReadModbusRegMapArry  0x20003a74    0x64  Data  Gb  ModbusRTUSlave.o [1]
g_ScaleData             0x20003318   0x228  Data  Gb  main.o [1]
g_modbus_address        0x20003efe     0x1  Data  Gb  ModbusRTUSlave.o [1]
g_motiondata            0x20003680    0xdc  Data  Gb  Motion.o [1]
g_respbuf               0x20003cb8    0x70  Data  Gb  ModbusRTUSlave.o [1]
g_taredata              0x20003bd0    0x78  Data  Gb  Tare.o [1]
g_unitdata              0x20003eec     0x8  Data  Gb  Unit.o [1]
g_zerodata              0x200038c4    0x9c  Data  Gb  Zero.o [1]
geoTable                0x08001888   0x100  Data  Gb  Scale.o [1]
getCalParams            0x08000131    0xa8  Code  Lc  Scale.o [1]
gramsPerUnit            0x08003328    0x40  Data  Gb  Unit.o [1]
halfpoles               0x20003c49     0x1  Data  Lc  Filter.o [1]
hdma_usart1_rx          0x20000e78    0x44  Data  Gb  usart.o [1]
hdma_usart1_tx          0x200039ec    0x44  Data  Gb  usart.o [1]
hdma_usart2_rx          0x20000ebc    0x44  Data  Gb  usart.o [1]
hdma_usart2_tx          0x20003a30    0x44  Data  Gb  usart.o [1]
head_ptr                0x20003c4b     0x1  Data  Lc  Filter.o [1]
hi2c1                   0x20003d28    0x54  Data  Gb  i2c.o [1]
hist                    0x20003ad8    0x80  Data  Gb  J_FILTER.o [1]
htim1                   0x20003d7c    0x40  Data  Gb  stm32f1xx_hal_timebase_TIM.o [1]
huart1                  0x20003dbc    0x40  Data  Gb  usart.o [1]
huart2                  0x20003dfc    0x40  Data  Gb  usart.o [1]
inHandlerMode           0x08006235     0xc  Code  Lc  cmsis_os.o [1]
incrTable               0x080017e8    0xa0  Data  Gb  Scale.o [1]
init_fast_filter        0x08005b65   0x118  Code  Gb  Filter.o [1]
init_notch_filter       0x08005c7d    0x46  Code  Gb  Filter.o [1]
initialize_filter       0x08005cc3   0x10c  Code  Gb  Filter.o [1]
isalpha                 0x0800acc5    0x14  Code  Gb  isxxx.o [3]
isspace                 0x0800acd9    0x14  Code  Gb  isxxx.o [3]
kk                      0x20003c4e     0x1  Data  Lc  Filter.o [1]
localeconv              0x0800b13b    0x16  Code  Gb  localeconv.o [3]
lowpass_filter          0x08005e81    0x6a  Code  Gb  Filter.o [1]
lowpass_poles           0x20003c4f     0x1  Data  Lc  Filter.o [1]
main                    0x08004d85    0xac  Code  Gb  main.o [1]
makeFreeRtosPriority    0x08006229     0xc  Code  Lc  cmsis_os.o [1]
malloc                  0x0800b285    0xac  Code  Gb  xxmemxmalloc.o [3]
memchr                  0x0800ad05          Code  Gb  memchr.o [5]
modbus_rtu_CRC          0x08006f21    0x36  Code  Lc  ModbusRTUSlave.o [1]
modebus_readreg         0x08006fc5    0x98  Code  Lc  ModbusRTUSlave.o [1]
modebus_writereg        0x0800705d    0x70  Code  Lc  ModbusRTUSlave.o [1]
motionRange             0x080026b4     0x4  Data  Lc  Motion.o [1]
motionTimeOut           0x08002be8     0x8  Data  Gb  Zero.o [1]
ndigs                   0x0800af8c    0x28  Data  Lc  xstoull.o [3]
noMotionInterval        0x08001988     0x4  Data  Lc  Scale.o [1]
notchFifo               0x20003540   0x140  Data  Lc  Filter.o [1]
notchSample             0x20003c4d     0x1  Data  Lc  Filter.o [1]
notch_filter            0x08005dcf    0xb2  Code  Gb  Filter.o [1]
notch_filter_type       0x20003c4a     0x1  Data  Lc  Filter.o [1]
notch_sum               0x20003cb0     0x8  Data  Lc  Filter.o [1]
numerator               0x20003ca8     0x8  Data  Lc  Filter.o [1]
osDelay                 0x08006279     0xe  Code  Gb  cmsis_os.o [1]
osKernelStart           0x08006241     0xa  Code  Gb  cmsis_os.o [1]
osSemaphoreCreate       0x08006287    0x26  Code  Gb  cmsis_os.o [1]
osSemaphoreRelease      0x0800631d    0x30  Code  Gb  cmsis_os.o [1]
osSemaphoreWait         0x080062ad    0x3c  Code  Gb  cmsis_os.o [1]
osSystickHandler        0x08006379    0x14  Code  Gb  cmsis_os.o [1]
osThreadCreate          0x0800624b    0x2e  Code  Gb  cmsis_os.o [1]
powerupZeroRange        0x08002be0     0x4  Data  Gb  Zero.o [1]
pows                    0x0800bab0    0x48  Data  Lc  xdtento.o [4]
prev_v                  0x20003c80    0x28  Data  Lc  Filter.o [1]
prev_y                  0x20003c58    0x28  Data  Lc  Filter.o [1]
prvAddCurrentTaskToDelayedList
                        0x08008039    0x68  Code  Lc  tasks.o [1]
prvAddNewTaskToReadyList
                        0x08007a25    0xa2  Code  Lc  tasks.o [1]
prvCopyDataFromQueue    0x0800859b    0x26  Code  Lc  queue.o [1]
prvCopyDataToQueue      0x08008533    0x68  Code  Lc  queue.o [1]
prvDeleteTCB            0x08007e91    0x14  Code  Lc  tasks.o [1]
prvIdleTask             0x08007e3d    0x54  Code  Lc  tasks.o [1]
prvInitialiseNewQueue   0x08008161    0x16  Code  Lc  queue.o [1]
prvInitialiseNewTask    0x080079ad    0x78  Code  Lc  tasks.o [1]
prvInsertBlockIntoFreeList
                        0x08008c69    0x46  Code  Lc  heap_4.o [1]
prvIsQueueEmpty         0x08008627    0x16  Code  Lc  queue.o [1]
prvResetNextTaskUnblockTime
                        0x08007ea5    0x1c  Code  Lc  tasks.o [1]
prvTaskExitError        0x08008661    0x28  Code  Lc  port.o [1]
prvUnlockQueue          0x080085c1    0x66  Code  Lc  queue.o [1]
pushButtonZeroRange     0x08002be4     0x4  Data  Gb  Zero.o [1]
pvPortMalloc            0x08008b0d    0xf8  Code  Gb  heap_4.o [1]
pvTaskIncrementMutexHeldCount
                        0x08007ff7    0x14  Code  Gb  tasks.o [1]
pxCurrentTCB            0x2000384c     0x4  Data  Gb  tasks.o [1]
pxDelayedTaskList       0x20003850     0x4  Data  Lc  tasks.o [1]
pxEnd                   0x20001f08     0x4  Data  Lc  heap_4.o [1]
pxOverflowDelayedTaskList
                        0x20003854     0x4  Data  Lc  tasks.o [1]
pxPortInitialiseStack   0x08008641    0x20  Code  Gb  port.o [1]
pxReadyTasksLists       0x20003960    0x8c  Data  Lc  tasks.o [1]
reInitializeScaleParameters
                        0x08001347   0x454  Code  Gb  Scale.o [1]
reInitializeScaleParameters::bReInit
                        0x20003eff     0x1  Data  Lc  Scale.o [1]
respsendbuf             0x2000375c    0xc8  Data  Gb  CmdProcess.o [1]
sFilerAdcValue          0x20003ec8     0x8  Data  Gb  freertos.o [1]
sprintf                 0x08008a31    0x34  Code  Gb  sprintf.o [3]
sscanf                  0x08008a0d    0x24  Code  Gb  sscanf.o [3]
standardFilter          0x20003b6c     0x4  Data  Gb  J_FILTER.o [1]
strchr                  0x0800aced          Code  Gb  strchr.o [5]
strlen                  0x08003fcd          Code  Gb  strlen.o [5]
strncmp                 0x08005b39    0x2c  Code  Gb  strncmp.o [3]
sumvalue                0x20003ed8     0x4  Data  Gb  freertos.o [1]
tail_ptr                0x20003c4c     0x1  Data  Lc  Filter.o [1]
tareCommandSource       0x20003efc     0x1  Data  Gb  Scale.o [1]
tolower                 0x0800b5cd    0x14  Code  Gb  tolower.o [3]
uart1BinarySemHandle    0x20003ee8     0x4  Data  Gb  freertos.o [1]
ucHeap                  0x20001f18  0x1000  Data  Lc  heap_4.o [1]
ucMaxSysCallPriority    0x20000154     0x1  Data  Lc  port.o [1]
ulMaxPRIGROUPValue      0x2000015c     0x4  Data  Lc  port.o [1]
usart1_rx_FIFO          0x20001300   0x400  Data  Gb  usart.o [1]
usart1_rx_buffer        0x20000f00   0x400  Data  Gb  usart.o [1]
usart1_rx_flag          0x20000e70     0x1  Data  Gb  usart.o [1]
usart1_rx_len           0x20000e72     0x2  Data  Gb  usart.o [1]
usart2_rx_FIFO          0x20001b00   0x400  Data  Gb  usart.o [1]
usart2_rx_buffer        0x20001700   0x400  Data  Gb  usart.o [1]
usart2_rx_flag          0x20000e71     0x1  Data  Gb  usart.o [1]
usart2_rx_len           0x20000e74     0x2  Data  Gb  usart.o [1]
uwTick                  0x20000164     0x4  Data  Gb  stm32f1xx_hal.o [1]
uwTickFreq              0x20000160     0x1  Data  Gb  stm32f1xx_hal.o [1]
uwTickPrio              0x20000168     0x4  Data  Gb  stm32f1xx_hal.o [1]
uxCriticalNesting       0x20000158     0x4  Data  Lc  port.o [1]
uxCurrentNumberOfTasks  0x20003870     0x4  Data  Lc  tasks.o [1]
uxDeletedTasksWaitingCleanUp
                        0x20003858     0x4  Data  Lc  tasks.o [1]
uxListRemove            0x08008d1f    0x24  Code  Gb  list.o [1]
uxPendedTicks           0x20003880     0x4  Data  Lc  tasks.o [1]
uxSchedulerSuspended    0x20003894     0x4  Data  Lc  tasks.o [1]
uxTaskNumber            0x2000388c     0x4  Data  Lc  tasks.o [1]
uxTopReadyPriority      0x20003878     0x4  Data  Lc  tasks.o [1]
vListInitialise         0x08008cb5    0x1a  Code  Gb  list.o [1]
vListInitialiseItem     0x08008ccf     0x6  Code  Gb  list.o [1]
vListInsert             0x08008ced    0x32  Code  Gb  list.o [1]
vListInsertEnd          0x08008cd5    0x18  Code  Gb  list.o [1]
vPortEnterCritical      0x080086ed    0x32  Code  Gb  port.o [1]
vPortExitCritical       0x0800871f    0x24  Code  Gb  port.o [1]
vPortFree               0x08008c17    0x44  Code  Gb  heap_4.o [1]
vPortSetupTimerInterrupt
                        0x080087c5    0x20  Code  Wk  port.o [1]
vPortStartFirstTask     0x08008dab          Code  Gb  portasm.o [1]
vPortValidateInterruptPriority
                        0x08008769    0x42  Code  Gb  port.o [1]
vTaskDelay              0x08007acf    0x28  Code  Gb  tasks.o [1]
vTaskMissedYield        0x08007e31     0xa  Code  Gb  tasks.o [1]
vTaskPlaceOnEventList   0x08007d21    0x1c  Code  Gb  tasks.o [1]
vTaskPriorityInherit    0x08007ed9    0x7e  Code  Gb  tasks.o [1]
vTaskSetTimeOutState    0x08007db1    0x20  Code  Gb  tasks.o [1]
vTaskStartScheduler     0x08007b09    0x56  Code  Gb  tasks.o [1]
vTaskSuspendAll         0x08007b5f     0xc  Code  Gb  tasks.o [1]
vTaskSwitchContext      0x08007ccf    0x52  Code  Gb  tasks.o [1]
xBlockAllocatedBit      0x20001f14     0x4  Data  Lc  heap_4.o [1]
xDelayedTaskList1       0x20003898    0x14  Data  Lc  tasks.o [1]
xDelayedTaskList2       0x200038ac    0x14  Data  Lc  tasks.o [1]
xFreeBytesRemaining     0x20001f0c     0x4  Data  Lc  heap_4.o [1]
xIdleTaskHandle         0x200038c0     0x4  Data  Lc  tasks.o [1]
xMinimumEverFreeBytesRemaining
                        0x20001f10     0x4  Data  Lc  heap_4.o [1]
xNextTaskUnblockTime    0x20003890     0x4  Data  Lc  tasks.o [1]
xNumOfOverflows         0x20003888     0x4  Data  Lc  tasks.o [1]
xPendingReadyList       0x20003824    0x14  Data  Lc  tasks.o [1]
xPortStartScheduler     0x08008689    0x64  Code  Gb  port.o [1]
xPortSysTickHandler     0x08008743    0x26  Code  Gb  port.o [1]
xQueueGenericCreate     0x08008129    0x38  Code  Gb  queue.o [1]
xQueueGenericReceive    0x08008337   0x146  Code  Gb  queue.o [1]
xQueueGenericReset      0x080080b1    0x78  Code  Gb  queue.o [1]
xQueueGenericSend       0x08008177   0x12e  Code  Gb  queue.o [1]
xQueueGiveFromISR       0x080082b7    0x80  Code  Gb  queue.o [1]
xQueueReceiveFromISR    0x08008493    0x7c  Code  Gb  queue.o [1]
xSchedulerRunning       0x2000387c     0x4  Data  Lc  tasks.o [1]
xStart                  0x20001f00     0x8  Data  Lc  heap_4.o [1]
xSuspendedTaskList      0x2000385c    0x14  Data  Lc  tasks.o [1]
xTaskCheckForTimeOut    0x08007dd1    0x58  Code  Gb  tasks.o [1]
xTaskCreate             0x08007955    0x58  Code  Gb  tasks.o [1]
xTaskGetSchedulerState  0x08007ec1    0x18  Code  Gb  tasks.o [1]
xTaskIncrementTick      0x08007c0d    0xae  Code  Gb  tasks.o [1]
xTaskPriorityDisinherit
                        0x08007f57    0x86  Code  Gb  tasks.o [1]
xTaskRemoveFromEventList
                        0x08007d41    0x4a  Code  Gb  tasks.o [1]
xTaskResumeAll          0x08007b6b    0x8e  Code  Gb  tasks.o [1]
xTasksWaitingTermination
                        0x20003838    0x14  Data  Lc  tasks.o [1]
xTickCount              0x20003874     0x4  Data  Lc  tasks.o [1]
xYieldPending           0x20003884     0x4  Data  Lc  tasks.o [1]
zeroCommandSource       0x20003efd     0x1  Data  Gb  Scale.o [1]


[1] = F:\YL_MAIN_CK\DL_Scale\YL_DLC\EWARM\YL_DLC\Obj
[2] = command line
[3] = dl7M_tlf.a
[4] = m7M_tl.a
[5] = rt7M_tl.a
[6] = shb_l.a

  49 148 bytes of readonly  code memory
   4 810 bytes of readonly  data memory
  16 128 bytes of readwrite data memory

Errors: none
Warnings: none
